[16:14:44] Starting switch cycle verification...
Pre-switch active env: blue
{"status":"ok","version":"v1.3.0","port":3000}[16:14:44] Switching traffic to green...
[19:14:44] Current environment: blue
[19:14:44] Target environment:  green
[19:14:44] Step 1: Verifying green is healthy on port 3001...
[19:14:44] Pre-switch health check passed: green is healthy
[19:14:44] Step 2: Writing new nginx active-env configuration...
[19:14:44] Step 3: Validating nginx configuration...
[19:14:44] Step 4: Reloading nginx...
[19:14:44] nginx reloaded. Traffic now routing to green.
[19:14:44] Step 5: Confirming switch via proxy health check...
[19:14:45] Post-switch confirmation passed: proxy is routing to green (port 3001)
[19:14:45] === Switch to green complete ===
[16:14:45] Post-switch verification...
{"status":"ok","version":"v1.4.0","port":3001}
.active-env: green
.previous-env: blue
upstream kk_api_backend {
    server 127.0.0.1:3001 max_fails=3 fail_timeout=5s;
}
